#
# There is insufficient memory for the Java Runtime Environment to continue.
# Native memory allocation (mmap) failed to map 4128768 bytes for G1 virtual space
# Possible reasons:
#   The system is out of physical RAM or swap space
#   The process is running with CompressedOops enabled, and the Java Heap may be blocking the growth of the native heap
# Possible solutions:
#   Reduce memory load on the system
#   Increase physical memory or swap space
#   Check if swap backing store is full
#   Decrease Java heap size (-Xmx/-Xms)
#   Decrease number of Java threads
#   Decrease Java thread stack sizes (-Xss)
#   Set larger code cache with -XX:ReservedCodeCacheSize=
#   JVM is running with Zero Based Compressed Oops mode in which the Java heap is
#     placed in the first 32GB address space. The Java Heap base address is the
#     maximum limit for the native heap growth. Please use -XX:HeapBaseMinAddress
#     to set the Java Heap base and to place the Java Heap above 32GB virtual address.
# This output file may be truncated or incomplete.
#
#  Out of Memory Error (os_windows.cpp:3548), pid=3088, tid=6824
#
# JRE version:  (17.0.10+11) (build )
# Java VM: Java HotSpot(TM) 64-Bit Server VM (17.0.10+11-LTS-240, mixed mode, emulated-client, sharing, tiered, compressed oops, compressed class ptrs, g1 gc, windows-amd64)
# No core dump will be written. Minidumps are not enabled by default on client versions of Windows
#

---------------  S U M M A R Y ------------

Command Line: -XX:TieredStopAtLevel=1 -Dspring.output.ansi.enabled=always -Dcom.sun.management.jmxremote -Dspring.jmx.enabled=true -Dspring.liveBeansView.mbeanDomain -Dspring.application.admin.enabled=true -Dmanagement.endpoints.jmx.exposure.include=* -javaagent:C:\Users\MSI\Downloads\IntelliJ IDEA 2023.3.2\lib\idea_rt.jar=51481:C:\Users\MSI\Downloads\IntelliJ IDEA 2023.3.2\bin -Dfile.encoding=UTF-8 tn.esprit.tpfoyer.TpFoyerApplication

Host: 11th Gen Intel(R) Core(TM) i7-11800H @ 2.30GHz, 16 cores, 15G,  Windows 11 , 64 bit Build 22621 (10.0.22621.4391)
Time: Sun Nov 17 12:49:32 2024 Afr. centrale Ouest elapsed time: 0.011570 seconds (0d 0h 0m 0s)

---------------  T H R E A D  ---------------

Current thread (0x000001698b446be0):  JavaThread "Unknown thread" [_thread_in_vm, id=6824, stack(0x000000492de00000,0x000000492df00000)]

Stack: [0x000000492de00000,0x000000492df00000]
Native frames: (J=compiled Java code, j=interpreted, Vv=VM code, C=native code)
V  [jvm.dll+0x677a5a]
V  [jvm.dll+0x7d8b2d]
V  [jvm.dll+0x7da48e]
V  [jvm.dll+0x7daaf3]
V  [jvm.dll+0x2455ff]
V  [jvm.dll+0x6749b9]
V  [jvm.dll+0x669382]
V  [jvm.dll+0x302e96]
V  [jvm.dll+0x30a416]
V  [jvm.dll+0x359cd3]
V  [jvm.dll+0x359eef]
V  [jvm.dll+0x2d9e88]
V  [jvm.dll+0x2dadf4]
V  [jvm.dll+0x7aa551]
V  [jvm.dll+0x367911]
V  [jvm.dll+0x789639]
V  [jvm.dll+0x3eb30f]
V  [jvm.dll+0x3ecd91]
C  [jli.dll+0x5297]
C  [ucrtbase.dll+0x29333]
C  [KERNEL32.DLL+0x1259d]
C  [ntdll.dll+0x5af38]


---------------  P R O C E S S  ---------------

Threads class SMR info:
_java_thread_list=0x00007ffc37a36a18, length=0, elements={
}

Java Threads: ( => current thread )

Other Threads:
  0x000001698b4b2da0 GCTaskThread "GC Thread#0" [stack: 0x000000492df00000,0x000000492e000000] [id=16228]
  0x000001698b4c3840 ConcurrentGCThread "G1 Main Marker" [stack: 0x000000492e000000,0x000000492e100000] [id=10616]
  0x000001698b4c4250 ConcurrentGCThread "G1 Conc#0" [stack: 0x000000492e100000,0x000000492e200000] [id=14736]

[error occurred during error reporting (printing all threads), id 0xc0000005, EXCEPTION_ACCESS_VIOLATION (0xc0000005) at pc=0x00007ffc3726aae7]

VM state: not at safepoint (not fully initialized)

VM Mutex/Monitor currently owned by a thread:  ([mutex/lock_event])
[0x000001698b442950] Heap_lock - owner thread: 0x000001698b446be0

Heap address: 0x0000000704a00000, size: 4022 MB, Compressed Oops mode: Zero based, Oop shift amount: 3

CDS archive(s) mapped at: [0x0000000000000000-0x0000000000000000-0x0000000000000000), size 0, SharedBaseAddress: 0x0000000800000000, ArchiveRelocationMode: 1.
Narrow klass base: 0x0000000000000000, Narrow klass shift: 0, Narrow klass range: 0x0

GC Precious Log:
<Empty>

Heap:
 garbage-first heap   total 0K, used 0K [0x0000000704a00000, 0x0000000800000000)
  region size 2048K, 0 young (0K), 0 survivors (0K)

[error occurred during error reporting (printing heap information), id 0xc0000005, EXCEPTION_ACCESS_VIOLATION (0xc0000005) at pc=0x00007ffc37651249]

GC Heap History (0 events):
No events

Deoptimization events (0 events):
No events

Classes unloaded (0 events):
No events

Classes redefined (0 events):
No events

Internal exceptions (0 events):
No events

VM Operations (0 events):
No events

Events (1 events):
Event: 0.009 Loaded shared library C:\Program Files\Java\jdk-17\bin\java.dll


Dynamic libraries:
0x00007ff72e2f0000 - 0x00007ff72e300000 	C:\Program Files\Java\jdk-17\bin\java.exe
0x00007ffcbbb50000 - 0x00007ffcbbd67000 	C:\WINDOWS\SYSTEM32\ntdll.dll
0x00007ffcbafb0000 - 0x00007ffcbb074000 	C:\WINDOWS\System32\KERNEL32.DLL
0x00007ffcb9090000 - 0x00007ffcb9449000 	C:\WINDOWS\System32\KERNELBASE.dll
0x00007ffcb9690000 - 0x00007ffcb97a1000 	C:\WINDOWS\System32\ucrtbase.dll
0x00007ffc90d20000 - 0x00007ffc90d39000 	C:\Program Files\Java\jdk-17\bin\jli.dll
0x00007ffc90d00000 - 0x00007ffc90d1b000 	C:\Program Files\Java\jdk-17\bin\VCRUNTIME140.dll
0x00007ffcba590000 - 0x00007ffcba642000 	C:\WINDOWS\System32\ADVAPI32.dll
0x00007ffcbaf00000 - 0x00007ffcbafa7000 	C:\WINDOWS\System32\msvcrt.dll
0x00007ffcba4d0000 - 0x00007ffcba577000 	C:\WINDOWS\System32\sechost.dll
0x00007ffcb9060000 - 0x00007ffcb9088000 	C:\WINDOWS\System32\bcrypt.dll
0x00007ffcbb830000 - 0x00007ffcbb944000 	C:\WINDOWS\System32\RPCRT4.dll
0x00007ffcb9970000 - 0x00007ffcb9b1e000 	C:\WINDOWS\System32\USER32.dll
0x00007ffcb8e50000 - 0x00007ffcb8e76000 	C:\WINDOWS\System32\win32u.dll
0x00007ffca4f10000 - 0x00007ffca51a2000 	C:\WINDOWS\WinSxS\amd64_microsoft.windows.common-controls_6595b64144ccf1df_6.0.22621.4391_none_2715d37f73803e96\COMCTL32.dll
0x00007ffcba490000 - 0x00007ffcba4b9000 	C:\WINDOWS\System32\GDI32.dll
0x00007ffcb9570000 - 0x00007ffcb968b000 	C:\WINDOWS\System32\gdi32full.dll
0x00007ffcb9450000 - 0x00007ffcb94ea000 	C:\WINDOWS\System32\msvcp_win.dll
0x00007ffcaced0000 - 0x00007ffcaceda000 	C:\WINDOWS\SYSTEM32\VERSION.dll
0x00007ffcbb370000 - 0x00007ffcbb3a1000 	C:\WINDOWS\System32\IMM32.DLL
0x00007ffcaeef0000 - 0x00007ffcaeefc000 	C:\Program Files\Java\jdk-17\bin\vcruntime140_1.dll
0x00007ffc417d0000 - 0x00007ffc4185e000 	C:\Program Files\Java\jdk-17\bin\msvcp140.dll
0x00007ffc36f80000 - 0x00007ffc37b5f000 	C:\Program Files\Java\jdk-17\bin\server\jvm.dll
0x00007ffcba580000 - 0x00007ffcba588000 	C:\WINDOWS\System32\PSAPI.DLL
0x00007ffc917d0000 - 0x00007ffc917d9000 	C:\WINDOWS\SYSTEM32\WSOCK32.dll
0x00007ffcaf3d0000 - 0x00007ffcaf404000 	C:\WINDOWS\SYSTEM32\WINMM.dll
0x00007ffcbab70000 - 0x00007ffcbabe1000 	C:\WINDOWS\System32\WS2_32.dll
0x00007ffcb7f80000 - 0x00007ffcb7f98000 	C:\WINDOWS\SYSTEM32\kernel.appcore.dll
0x00007ffc90cf0000 - 0x00007ffc90cfa000 	C:\Program Files\Java\jdk-17\bin\jimage.dll
0x00007ffcb67c0000 - 0x00007ffcb69f2000 	C:\WINDOWS\SYSTEM32\DBGHELP.DLL
0x00007ffcba7e0000 - 0x00007ffcbab6f000 	C:\WINDOWS\System32\combase.dll
0x00007ffcb9870000 - 0x00007ffcb9947000 	C:\WINDOWS\System32\OLEAUT32.dll
0x00007ffcaeae0000 - 0x00007ffcaeb12000 	C:\WINDOWS\SYSTEM32\dbgcore.DLL
0x00007ffcb94f0000 - 0x00007ffcb956b000 	C:\WINDOWS\System32\bcryptPrimitives.dll
0x00007ffcb1fd0000 - 0x00007ffcb1fde000 	C:\Program Files\Java\jdk-17\bin\instrument.dll
0x00007ffc90cc0000 - 0x00007ffc90ce5000 	C:\Program Files\Java\jdk-17\bin\java.dll

dbghelp: loaded successfully - version: 4.0.5 - missing functions: none
symbol engine: initialized successfully - sym options: 0x614 - pdb path: .;C:\Program Files\Java\jdk-17\bin;C:\WINDOWS\SYSTEM32;C:\WINDOWS\WinSxS\amd64_microsoft.windows.common-controls_6595b64144ccf1df_6.0.22621.4391_none_2715d37f73803e96;C:\Program Files\Java\jdk-17\bin\server

VM Arguments:
jvm_args: -XX:TieredStopAtLevel=1 -Dspring.output.ansi.enabled=always -Dcom.sun.management.jmxremote -Dspring.jmx.enabled=true -Dspring.liveBeansView.mbeanDomain -Dspring.application.admin.enabled=true -Dmanagement.endpoints.jmx.exposure.include=* -javaagent:C:\Users\MSI\Downloads\IntelliJ IDEA 2023.3.2\lib\idea_rt.jar=51481:C:\Users\MSI\Downloads\IntelliJ IDEA 2023.3.2\bin -Dfile.encoding=UTF-8 
java_command: tn.esprit.tpfoyer.TpFoyerApplication
java_class_path (initial): C:\Users\MSI\OneDrive\Bureau\TpFoyer\target\classes;C:\Users\MSI\.m2\repository\net\bytebuddy\byte-buddy\1.14.19\byte-buddy-1.14.19.jar;C:\Users\MSI\.m2\repository\org\apache\logging\log4j\log4j-core\2.17.0\log4j-core-2.17.0.jar;C:\Users\MSI\.m2\repository\org\apache\logging\log4j\log4j-api\2.17.0\log4j-api-2.17.0.jar;C:\Users\MSI\.m2\repository\org\springframework\boot\spring-boot-starter-data-jpa\3.3.4\spring-boot-starter-data-jpa-3.3.4.jar;C:\Users\MSI\.m2\repository\org\springframework\boot\spring-boot-starter-aop\3.3.4\spring-boot-starter-aop-3.3.4.jar;C:\Users\MSI\.m2\repository\org\springframework\spring-aop\6.1.13\spring-aop-6.1.13.jar;C:\Users\MSI\.m2\repository\org\aspectj\aspectjweaver\1.9.22.1\aspectjweaver-1.9.22.1.jar;C:\Users\MSI\.m2\repository\org\springframework\boot\spring-boot-starter-jdbc\3.3.4\spring-boot-starter-jdbc-3.3.4.jar;C:\Users\MSI\.m2\repository\com\zaxxer\HikariCP\5.1.0\HikariCP-5.1.0.jar;C:\Users\MSI\.m2\repository\org\springframework\spring-jdbc\6.1.13\spring-jdbc-6.1.13.jar;C:\Users\MSI\.m2\repository\org\hibernate\orm\hibernate-core\6.5.3.Final\hibernate-core-6.5.3.Final.jar;C:\Users\MSI\.m2\repository\jakarta\persistence\jakarta.persistence-api\3.1.0\jakarta.persistence-api-3.1.0.jar;C:\Users\MSI\.m2\repository\jakarta\transaction\jakarta.transaction-api\2.0.1\jakarta.transaction-api-2.0.1.jar;C:\Users\MSI\.m2\repository\org\jboss\logging\jboss-logging\3.5.3.Final\jboss-logging-3.5.3.Final.jar;C:\Users\MSI\.m2\repository\org\hibernate\common\hibernate-commons-annotations\6.0.6.Final\hibernate-commons-annotations-6.0.6.Final.jar;C:\Users\MSI\.m2\repository\io\smallrye\jandex\3.1.2\jandex-3.1.2.jar;C:\Users\MSI\.m2\repository\com\fasterxml\classmate\1.7.0\classmate-1.7.0.jar;C:\Users\MSI\.m2\repository\org\glassfish\jaxb\jaxb-runtime\4.0.5\jaxb-runtime-4.0.5.jar;C:\Users\MSI\.m2\repository\org\glassfish\jaxb\jaxb-core\4.0.5\jaxb-core-4.0.5.jar;C:\Users\MSI\.m2\repository\org\eclipse\angus\angus-activati
Launcher Type: SUN_STANDARD

[Global flags]
     intx CICompilerCount                          = 12                                        {product} {ergonomic}
     uint ConcGCThreads                            = 3                                         {product} {ergonomic}
     uint G1ConcRefinementThreads                  = 13                                        {product} {ergonomic}
   size_t G1HeapRegionSize                         = 2097152                                   {product} {ergonomic}
    uintx GCDrainStackTargetSize                   = 64                                        {product} {ergonomic}
   size_t InitialHeapSize                          = 264241152                                 {product} {ergonomic}
     bool ManagementServer                         = true                                      {product} {command line}
   size_t MarkStackSize                            = 4194304                                   {product} {ergonomic}
   size_t MaxHeapSize                              = 4217372672                                {product} {ergonomic}
   size_t MinHeapDeltaBytes                        = 2097152                                   {product} {ergonomic}
   size_t MinHeapSize                              = 8388608                                   {product} {ergonomic}
    uintx NonProfiledCodeHeapSize                  = 0                                      {pd product} {ergonomic}
     bool ProfileInterpreter                       = false                                  {pd product} {command line}
    uintx ProfiledCodeHeapSize                     = 0                                      {pd product} {ergonomic}
   size_t SoftMaxHeapSize                          = 4217372672                             {manageable} {ergonomic}
     intx TieredStopAtLevel                        = 1                                         {product} {command line}
     bool UseCompressedClassPointers               = true                           {product lp64_product} {ergonomic}
     bool UseCompressedOops                        = true                           {product lp64_product} {ergonomic}
     bool UseG1GC                                  = true                                      {product} {ergonomic}
     bool UseLargePagesIndividualAllocation        = false                                  {pd product} {ergonomic}

Logging:
Log output configuration:
 #0: stdout all=warning uptime,level,tags
 #1: stderr all=off uptime,level,tags

Environment Variables:
JAVA_HOME=C:\Program Files\Java\jdk-17
PATH=C:\Program Files (x86)\VMware\VMware Workstation\bin\;C:\Program Files\Common Files\Oracle\Java\javapath;C:\oraclexe\app\oracle\product\11.2.0\server\bin;C:\Program Files (x86)\Common Files\Oracle\Java\javapath;C:\Windows\system32;C:\Windows;C:\Windows\System32\Wbem;C:\Windows\System32\WindowsPowerShell\v1.0\;C:\Windows\System32\OpenSSH\;C:\Program Files (x86)\NVIDIA Corporation\PhysX\Common;C:\Program Files\NVIDIA Corporation\NVIDIA NvDLISR;C:\WINDOWS\system32;C:\WINDOWS;C:\WINDOWS\System32\Wbem;C:\WINDOWS\System32\WindowsPowerShell\v1.0\;C:\WINDOWS\System32\OpenSSH\;C:\Program Files\nodejs\;C:\Program Files\Git\cmd;C:\Program Files\Microsoft SQL Server\150\Tools\Binn\;C:\Program Files\Microsoft SQL Server\Client SDK\ODBC\170\Tools\Binn\;C:\Program Files\dotnet\;C:\Program Files\Java\jdk-17\bin;C:\Program Files\Vagrant\bin;C:\Users\MSI\AppData\Local\Microsoft\WindowsApps;C:\Users\MSI\AppData\Local\Programs\Microsoft VS Code\bin;C:\Users\MSI\AppData\Roaming\npm;C:\Users\MSI\.dotnet\tools;C:\Users\MSI\AppData\Local\Programs\Python\Python38\;C:\Users\MSI\AppData\Local\Programs\Python\Python38\Scripts\;
USERNAME=MSI
OS=Windows_NT
PROCESSOR_IDENTIFIER=Intel64 Family 6 Model 141 Stepping 1, GenuineIntel



---------------  S Y S T E M  ---------------

OS:
 Windows 11 , 64 bit Build 22621 (10.0.22621.4391)
OS uptime: 0 days 1:06 hours

CPU: total 16 (initial active 16) (8 cores per cpu, 2 threads per core) family 6 model 141 stepping 1 microcode 0x26, cx8, cmov, fxsr, ht, mmx, 3dnowpref, sse, sse2, sse3, ssse3, sse4.1, sse4.2, popcnt, lzcnt, tsc, tscinvbit, avx, avx2, aes, erms, clmul, bmi1, bmi2, adx, avx512f, avx512dq, avx512cd, avx512bw, avx512vl, sha, fma, vzeroupper, avx512_vpopcntdq, avx512_vpclmulqdq, avx512_vaes, avx512_vnni, clflush, clflushopt, clwb, avx512_vbmi2, avx512_vbmi

Memory: 4k page, system-wide physical 16085M (987M free)
TotalPageFile size 18133M (AvailPageFile size 8M)
current process WorkingSet (physical memory assigned to process): 12M, peak: 12M
current process commit charge ("private bytes"): 318M, peak: 322M

vm_info: Java HotSpot(TM) 64-Bit Server VM (17.0.10+11-LTS-240) for windows-amd64 JRE (17.0.10+11-LTS-240), built on Dec 19 2023 21:47:25 by "mach5one" with MS VC++ 17.1 (VS2022)

END.
